2026-05-19 14:20:58.209 UTC [415] LOG:  received fast shutdown request
2026-05-19 14:20:58.211 UTC [415] LOG:  aborting any active transactions
2026-05-19 14:20:58.216 UTC [415] LOG:  background worker "logical replication launcher" (PID 457) exited with exit code 1
2026-05-19 14:20:58.217 UTC [439] LOG:  shutting down
2026-05-19 14:20:58.219 UTC [439] LOG:  checkpoint starting: shutdown immediate
2026-05-19 14:20:58.227 UTC [439] LOG:  checkpoint complete: wrote 0 buffers (0.0%); 0 WAL file(s) added, 0 removed, 0 recycled; write=0.001 s, sync=0.001 s, total=0.010 s; sync files=0, longest=0.000 s, average=0.000 s; distance=0 kB, estimate=0 kB; lsn=0/19CE790, redo lsn=0/19CE790
2026-05-19 14:20:58.235 UTC [415] LOG:  database system is shut down
2026-05-19 14:21:06.788 UTC [422] LOG:  starting PostgreSQL 17.7 (Ubuntu 17.7-0ubuntu0.25.04.1) on x86_64-pc-linux-gnu, compiled by gcc (Ubuntu 14.2.0-19ubuntu2) 14.2.0, 64-bit
2026-05-19 14:21:06.788 UTC [422] LOG:  listening on IPv6 address "::1", port 5432
2026-05-19 14:21:06.788 UTC [422] LOG:  listening on IPv4 address "127.0.0.1", port 5432
2026-05-19 14:21:06.791 UTC [422] LOG:  listening on Unix socket "/var/run/postgresql/.s.PGSQL.5432"
2026-05-19 14:21:06.804 UTC [440] LOG:  database system was shut down at 2026-05-19 14:20:58 UTC
2026-05-19 14:21:06.822 UTC [422] LOG:  database system is ready to accept connections
2026-05-19 14:26:06.877 UTC [438] LOG:  checkpoint starting: time
2026-05-19 14:26:06.896 UTC [438] LOG:  checkpoint complete: wrote 3 buffers (0.0%); 0 WAL file(s) added, 0 removed, 0 recycled; write=0.004 s, sync=0.002 s, total=0.020 s; sync files=2, longest=0.001 s, average=0.001 s; distance=0 kB, estimate=0 kB; lsn=0/19CE898, redo lsn=0/19CE840
2026-05-19 15:09:05.688 UTC [422] LOG:  received fast shutdown request
2026-05-19 15:09:05.690 UTC [422] LOG:  aborting any active transactions
2026-05-19 15:09:05.704 UTC [422] LOG:  background worker "logical replication launcher" (PID 451) exited with exit code 1
2026-05-19 15:09:05.705 UTC [438] LOG:  shutting down
2026-05-19 15:09:05.706 UTC [438] LOG:  checkpoint starting: shutdown immediate
2026-05-19 15:09:05.713 UTC [438] LOG:  checkpoint complete: wrote 0 buffers (0.0%); 0 WAL file(s) added, 0 removed, 0 recycled; write=0.001 s, sync=0.001 s, total=0.008 s; sync files=0, longest=0.000 s, average=0.000 s; distance=0 kB, estimate=0 kB; lsn=0/19CE948, redo lsn=0/19CE948
2026-05-19 15:09:05.719 UTC [422] LOG:  database system is shut down
2026-05-19 15:10:16.878 UTC [420] LOG:  starting PostgreSQL 17.7 (Ubuntu 17.7-0ubuntu0.25.04.1) on x86_64-pc-linux-gnu, compiled by gcc (Ubuntu 14.2.0-19ubuntu2) 14.2.0, 64-bit
2026-05-19 15:10:16.879 UTC [420] LOG:  listening on IPv6 address "::1", port 5432
2026-05-19 15:10:16.879 UTC [420] LOG:  listening on IPv4 address "127.0.0.1", port 5432
2026-05-19 15:10:16.882 UTC [420] LOG:  listening on Unix socket "/var/run/postgresql/.s.PGSQL.5432"
2026-05-19 15:10:16.917 UTC [439] LOG:  database system was shut down at 2026-05-19 15:09:05 UTC
2026-05-19 15:10:16.953 UTC [420] LOG:  database system is ready to accept connections
2026-05-19 15:15:16.963 UTC [437] LOG:  checkpoint starting: time
2026-05-19 15:15:16.992 UTC [437] LOG:  checkpoint complete: wrote 3 buffers (0.0%); 0 WAL file(s) added, 0 removed, 0 recycled; write=0.003 s, sync=0.002 s, total=0.030 s; sync files=2, longest=0.001 s, average=0.001 s; distance=0 kB, estimate=0 kB; lsn=0/19CEA50, redo lsn=0/19CE9F8
2026-05-21 08:49:15.983 UTC [420] LOG:  received fast shutdown request
2026-05-21 08:49:15.990 UTC [420] LOG:  aborting any active transactions
2026-05-21 08:49:16.034 UTC [420] LOG:  background worker "logical replication launcher" (PID 443) exited with exit code 1
2026-05-21 08:49:16.036 UTC [437] LOG:  shutting down
2026-05-21 08:49:16.041 UTC [437] LOG:  checkpoint starting: shutdown immediate
2026-05-21 08:49:16.053 UTC [437] LOG:  checkpoint complete: wrote 0 buffers (0.0%); 0 WAL file(s) added, 0 removed, 0 recycled; write=0.001 s, sync=0.002 s, total=0.016 s; sync files=0, longest=0.000 s, average=0.000 s; distance=0 kB, estimate=0 kB; lsn=0/19CEB00, redo lsn=0/19CEB00
2026-05-21 08:49:16.070 UTC [420] LOG:  database system is shut down
2026-05-21 08:50:39.674 UTC [431] LOG:  starting PostgreSQL 17.7 (Ubuntu 17.7-0ubuntu0.25.04.1) on x86_64-pc-linux-gnu, compiled by gcc (Ubuntu 14.2.0-19ubuntu2) 14.2.0, 64-bit
2026-05-21 08:50:39.676 UTC [431] LOG:  listening on IPv6 address "::1", port 5432
2026-05-21 08:50:39.676 UTC [431] LOG:  listening on IPv4 address "127.0.0.1", port 5432
2026-05-21 08:50:39.684 UTC [431] LOG:  listening on Unix socket "/var/run/postgresql/.s.PGSQL.5432"
2026-05-21 08:50:39.711 UTC [467] LOG:  database system was shut down at 2026-05-21 08:49:16 UTC
2026-05-21 08:50:39.761 UTC [431] LOG:  database system is ready to accept connections
2026-05-21 08:55:39.762 UTC [465] LOG:  checkpoint starting: time
2026-05-21 08:55:39.794 UTC [465] LOG:  checkpoint complete: wrote 3 buffers (0.0%); 0 WAL file(s) added, 0 removed, 0 recycled; write=0.004 s, sync=0.002 s, total=0.033 s; sync files=2, longest=0.001 s, average=0.001 s; distance=0 kB, estimate=0 kB; lsn=0/19CEC08, redo lsn=0/19CEBB0
2026-05-21 15:43:11.869 UTC [431] LOG:  received fast shutdown request
2026-05-21 15:43:11.872 UTC [431] LOG:  aborting any active transactions
2026-05-21 15:43:11.877 UTC [431] LOG:  background worker "logical replication launcher" (PID 475) exited with exit code 1
2026-05-21 15:43:11.877 UTC [465] LOG:  shutting down
2026-05-21 15:43:11.881 UTC [465] LOG:  checkpoint starting: shutdown immediate
2026-05-21 15:43:11.888 UTC [465] LOG:  checkpoint complete: wrote 0 buffers (0.0%); 0 WAL file(s) added, 0 removed, 0 recycled; write=0.001 s, sync=0.001 s, total=0.011 s; sync files=0, longest=0.000 s, average=0.000 s; distance=0 kB, estimate=0 kB; lsn=0/19CECB8, redo lsn=0/19CECB8
2026-05-21 15:43:11.892 UTC [431] LOG:  database system is shut down
2026-05-21 15:43:18.054 UTC [423] LOG:  starting PostgreSQL 17.7 (Ubuntu 17.7-0ubuntu0.25.04.1) on x86_64-pc-linux-gnu, compiled by gcc (Ubuntu 14.2.0-19ubuntu2) 14.2.0, 64-bit
2026-05-21 15:43:18.055 UTC [423] LOG:  listening on IPv6 address "::1", port 5432
2026-05-21 15:43:18.055 UTC [423] LOG:  listening on IPv4 address "127.0.0.1", port 5432
2026-05-21 15:43:18.057 UTC [423] LOG:  listening on Unix socket "/var/run/postgresql/.s.PGSQL.5432"
2026-05-21 15:43:18.066 UTC [444] LOG:  database system was shut down at 2026-05-21 15:43:11 UTC
2026-05-21 15:43:18.078 UTC [423] LOG:  database system is ready to accept connections
2026-05-21 15:48:18.167 UTC [442] LOG:  checkpoint starting: time
2026-05-21 15:48:18.199 UTC [442] LOG:  checkpoint complete: wrote 3 buffers (0.0%); 0 WAL file(s) added, 0 removed, 0 recycled; write=0.004 s, sync=0.002 s, total=0.033 s; sync files=2, longest=0.001 s, average=0.001 s; distance=0 kB, estimate=0 kB; lsn=0/19CEDC0, redo lsn=0/19CED68
2026-05-21 15:54:36.669 UTC [423] LOG:  received fast shutdown request
2026-05-21 15:54:36.675 UTC [423] LOG:  aborting any active transactions
2026-05-21 15:54:36.678 UTC [423] LOG:  background worker "logical replication launcher" (PID 453) exited with exit code 1
2026-05-21 15:54:36.679 UTC [442] LOG:  shutting down
2026-05-21 15:54:36.680 UTC [442] LOG:  checkpoint starting: shutdown immediate
2026-05-21 15:54:36.686 UTC [442] LOG:  checkpoint complete: wrote 0 buffers (0.0%); 0 WAL file(s) added, 0 removed, 0 recycled; write=0.001 s, sync=0.001 s, total=0.007 s; sync files=0, longest=0.000 s, average=0.000 s; distance=0 kB, estimate=0 kB; lsn=0/19CEE70, redo lsn=0/19CEE70
2026-05-21 15:54:36.691 UTC [423] LOG:  database system is shut down
2026-05-21 15:54:53.419 UTC [420] LOG:  starting PostgreSQL 17.7 (Ubuntu 17.7-0ubuntu0.25.04.1) on x86_64-pc-linux-gnu, compiled by gcc (Ubuntu 14.2.0-19ubuntu2) 14.2.0, 64-bit
2026-05-21 15:54:53.421 UTC [420] LOG:  listening on IPv6 address "::1", port 5432
2026-05-21 15:54:53.421 UTC [420] LOG:  listening on IPv4 address "127.0.0.1", port 5432
2026-05-21 15:54:53.423 UTC [420] LOG:  listening on Unix socket "/var/run/postgresql/.s.PGSQL.5432"
2026-05-21 15:54:53.434 UTC [445] LOG:  database system was shut down at 2026-05-21 15:54:36 UTC
2026-05-21 15:54:53.446 UTC [420] LOG:  database system is ready to accept connections
2026-05-21 15:59:53.455 UTC [443] LOG:  checkpoint starting: time
2026-05-21 15:59:53.486 UTC [443] LOG:  checkpoint complete: wrote 3 buffers (0.0%); 0 WAL file(s) added, 0 removed, 0 recycled; write=0.004 s, sync=0.002 s, total=0.032 s; sync files=2, longest=0.001 s, average=0.001 s; distance=0 kB, estimate=0 kB; lsn=0/19CEF78, redo lsn=0/19CEF20
2026-05-21 15:59:54.848 UTC [420] LOG:  received fast shutdown request
2026-05-21 15:59:54.852 UTC [420] LOG:  aborting any active transactions
2026-05-21 15:59:54.854 UTC [420] LOG:  background worker "logical replication launcher" (PID 449) exited with exit code 1
2026-05-21 15:59:54.857 UTC [443] LOG:  shutting down
2026-05-21 15:59:54.858 UTC [443] LOG:  checkpoint starting: shutdown immediate
2026-05-21 15:59:54.864 UTC [443] LOG:  checkpoint complete: wrote 0 buffers (0.0%); 0 WAL file(s) added, 0 removed, 0 recycled; write=0.001 s, sync=0.001 s, total=0.007 s; sync files=0, longest=0.000 s, average=0.000 s; distance=0 kB, estimate=0 kB; lsn=0/19CEFF0, redo lsn=0/19CEFF0
2026-05-21 15:59:54.869 UTC [420] LOG:  database system is shut down
2026-05-21 16:01:20.882 UTC [430] LOG:  starting PostgreSQL 17.7 (Ubuntu 17.7-0ubuntu0.25.04.1) on x86_64-pc-linux-gnu, compiled by gcc (Ubuntu 14.2.0-19ubuntu2) 14.2.0, 64-bit
2026-05-21 16:01:20.882 UTC [430] LOG:  listening on IPv6 address "::1", port 5432
2026-05-21 16:01:20.882 UTC [430] LOG:  listening on IPv4 address "127.0.0.1", port 5432
2026-05-21 16:01:20.885 UTC [430] LOG:  listening on Unix socket "/var/run/postgresql/.s.PGSQL.5432"
2026-05-21 16:01:20.895 UTC [447] LOG:  database system was shut down at 2026-05-21 15:59:54 UTC
2026-05-21 16:01:20.911 UTC [430] LOG:  database system is ready to accept connections
